// Jest Snapshot v1, https://goo.gl/fbAQLP

exports[`renders correctly with defaults 1`] = `
<View>
  <View
    style={
      Object {
        "flexDirection": "row",
      }
    }
  >
    <TextInput
      0="1"
      1="2"
      2="3"
      allowFontScaling={true}
      maxLength={8}
      placeholder="Senha"
      secureTextEntry={true}
      style={Object {}}
    />
  </View>
  <Text
    accessible={true}
    allowFontScaling={true}
    ellipsizeMode="tail"
  >
    3/8
  </Text>
</View>
`;
